[Basic]
NewINIFormat=4
Name=Answer The Iphone
Percent=0
GameMode=standard
HomeCell=98
InitTime=10000
Official=no
EndOfGame=no
FreeRadar=no
MaxPlayer=8
MinPlayer=1
SkipScore=no
TrainCrate=no
TruckCrate=no
AltHomeCell=99
OneTimeOnly=no
CarryOverCap=0
NextScenario=
SkipMapSelect=no
CarryOverMoney=0.000000
MultiplayerOnly=1

[General]
OreSpreads=no

[Map]
Theater=TEMPERATE
X=1
Y=1
Width=126
Height=64

[Waypoints]
0=5399
1=3048
2=2967
3=5480
4=2954
5=5493
6=5386
7=3061
98=385
99=7740

[MapPack]
1=OgAAIIH//kcB/4IBAP9uAEgB/pAA//8YA0gB/5gACAX+UAD//wAVSAWC+wDTSBv/mAAIG/
2=5QAP//uANIG4A9AAAggf/+RwD/gvsA00gA/5gACAD+UAD//wAGSACCAQDTSAf/mAAIB/5Q
3=AP//GBZIB/9YAF4e/pAA//+4AEgegBUAACCB//5HAP+CAQD/bgBIAP5HH/+B/4AJAAAggf
4=/+/h//gf+AVgAAIIEA/qQNAIIBAnAD/0wAhQ3k/A2DAwQFYAP/TAAEDuV7DoMGBwhgA/9M
5=AIQO8HwN/04Agw3v/Q2BA/9/ADAOgQb/fwCwDv+AAa8N/3YBrxD+WgwAgQCACQAAIIEA/v
6=4fAIEAgA==

[OverlayPack]
1=WAoAIIH//oAA/4UFBgYGCAAEhAcFCAcQAYIFBgAIhQYICAgFMA+DCAYI9UkAgwYIBQBOgQ
2=gAYhADAAmCBQcAaABvgggHAHIAYIEIAFuBBQAkgQYAGgAHEIIAG4EHAA+BBRAJQAaBB/ZJ
3=AABhAGaBBgBuEIoQCADnEGQgEgBcAIAAIBCSMQMgHBAbADsABRClAJb3JAEBWjDIEO4QBA
4=BzEOIAbiDsANsAeoEIAJoAbQAHISggJgF6EA4RF/ijARDjAEcQiBFYAAcBhwALAdYhd4EG
5=AQAg6CF1ICsxLRCoED8QMsojAYwKCwoJDAkJCwwLDAoQAwAJggkKABGICQkMDAoJCgrJpA
6=IASxFlAE4AzQALEmQR6hJlAAMQeQIlIHgxHRH4IXkAnRKQIbbLIgIAfwCBAHIwhxB4hAsL
7=CQsQAYEKAI7MzwISfxDdEW1AdBAOEO8Q7YEGEIAADxAOAQ0yFQAjEQIADSD/AYTJUAMQdo
8=EKAHgAawD4IIUQ+BEBggoKABnLdQAQ9hD4EccSAQFTEu0QFCFaIYASchESEQcQHwBzM5Mz
9=NYIIBcqkAwF7AGggewBxgQsRgoEMAYQQEgANgQzKUAMTyCHuEVwQ6BLeEYUhchPrAoABFR
10=BpQoQQBBJ7AgAzACClcAEBbjFpgQoBhBAKAHkQkRGIEJPK0AAQaiD/IGMT5BLYIZQR2gBp
11=ACUQdBKcAXUQqyGtELkAoRENABDMpAMAb4ELAH0A9hCHEX4ABxGVAQbLzwMQeCD/EQcQCh
12=BsEWAk7TJbM/cRaTMGEY0hixIDELXLIgMAY4ELEusR7AKHAXMAEWAPgQrKTwQR4yDbM80Q
13=TCHoIOQAEAAaI4AQJhCVEXQQrCCoEjMQswA2y6QFAXERfkGAEvsQfwAPAIrLTgUk/hLLIX
14=gBBBVkJREgcTWAEB0S7DCpIrJBLjAGAMXNTAIgcgF2APMTDjJ9AYXOzAASdQBEEcgQeBPg
15=EtkQECUFEdsgoSQoMm0gqBF6IRMQrc+jBgGFEHAChwDzEwIQB4IMCc5MAiJXEH82ASTTEN
16=UV4xBuE9simCKXEZUSICMDNbUkA8ojBCUEMPsAeRUCFA4kA8rPBTSAIG4keRRkJVYQaxCN
17=EHUQgCShEQAgdhFvEJ0itRGaFIPNzAcj+gP2AIgFhwGEIoiBDM7LBxF1I4QRiDMGEIBkXQ
18=CWJKUSJyKdInE1BRC4Mw6BBc6jByH0APcU/hEKA44Rk85LCBBHEEQh9xRfIN4XXSCNEQgR
19=ABF0EBsoASWXNHsRPiEDzcwIIG4hdBKIFAwRhoEKyk8GMQAQWiR4EGIoXUBVIIMAFRIAMm
20=cSHRULIp0yDiWHAAvOJAclgSD4EAkUASYIzswHJ08jhDgKF9og6yP8EYEigBKWESMhhyGi
21=IJ0oKREPzyQIJ24FASQFAQ4TiM/KBid6WU9F/RB3JZAhBRSAIGXPogkTojClziMJAIAF8S
22=WJEIcSBxKKzksKEUdCX85MCifkEds0HM+iCCMJITDO5goWaDQCIQU4e9BJCCBBIlzOIwsm
23=GwBiEaUgIc4ICxWzFBAAKc6kChZ2FoEh/hQHNpHOTAsg4xBEzqMLKBAAARUlMiTPCQskJh
24=KxziQJAe8C8RABBIEYgRSSgQnPSwcydxKFz0wLE4ErACafEArNTgcojNHjCwEAFPs5eRf3
25=Ag8BlM5LCUIAEAbRzAYTeTOlEKTQzAc1ss8HCxBxJXkYeCUIFQ7LTgZBZSHc0IYLNuEQGB
26=WG0aAAMLojiNAkByntEf8RgBADzcwFTVsrTiFozAsNEvYBYBKKPKfPCQ0qsBOvziQMWwEo
27=gTT/AY3QywgT4ydRz0wOFZkVgCF90KEJGRg7L85mDgCAGnghACv9KP2BC9DLDCt8EcjQ5w
28=0rFikAJxvPZw0phPkgARHbF3DQIQ41/hN2K5sAbc8JDjo/0OQN5jQPNtHRBQ0pFzCAOxnQ
29=5gtIjM9lDOa0ABtqEwTQ5Q9N3TIAGYHQCQ0hugAc9iQCLWsaU9EIDCmHJgAol9BnC1uI9y
30=QPLeowaM2LECeNGwBJHdBnDTdA+SIRLO0Xd9HnEBYbJAARf9BmECqiFabQJAwW+R34PgIt
31=hc9KDi7nLkLPZg3D+AAB28KZAdChDSqHODzPpAxIARb4GYoulM9KEhN9EEbQIRAlGgDgJo
32=AmjdGJCxkX0IYMNfUdhyB5PgnQyQxORdGgBzqBIIBPl9FMEyU70CISEXZAhE58J4XPZxMu
33=zxRG0YkRM1s9Hc8iEyyEPirOJBMs+AHxOvgYexmB0MsGw5cCAGHP5wot9CeAK/fQiA3CkA
34=MXRM+kDQFwJ/8V9i2NwkME0AkLK2rQ5A7CYAIndjsZ0GUOw+8CMaXNpg4Q+z/0AHcpDgCO
35=z0sKLEgS69GIDsL3AEhoKYrNCxETIMKXBM+kExB1KAYjhsK0A8zNAjLDwugD0QUVwooFAN
36=0gJcJfAdEJFU6+1aQTG4PDtwQRD89KBylZPvnRiQ85gDyh0OUUFoDD+ALPpAoTchp+HwEQ
37=iMHBAoEJ0EsKJ0EUh8/nFcOTBEEKw5oDPgkhD8IeBEIC0KMMHnbBtQQThT0MwUIH0okOJP
38=8s/jXoLtcQC8X6BcKdBkntxoUELoYso9CGESJvGvgxe8FEBxEF0MsVP2cmyj+LJ5PCjQUQ
39=dDMAEHIVasPiBsN0A8KHARKaw3sDzKYUPXMl+RmKEoAQBtCJEsMbBBBQNM/DaAMhYcKHBT
40=poFYpPExeXIK4QDMKYCM9lFS1/EvHBPQPBSgYSB9HJFRJ/MEU6yS5/P24vYBBbGv48jsIJ
41=BcIcBcPkAie/NyXMJg0fcC76EQPGQwPPSwwhPsNfAcQGAyqPw3YGwvcGLOg6Z8ORBsYLBR
42=CHw3ADz6MXEW4QcQCIw8EGFQrPyhfBZgkjAD4GMYHEjwDCcQkuAMIPAl+VEhnE4AbC7wgg
43=J8+kBsI7BzV9FvkoAc/KFiNNIN/CEQXCcQQxXsL3BRAcLaUTAsJsCsMBCCs3I/nDHQHKox
44=gQcsO7B0QGNAMdAyKOzA0UI8ggyzwNMwHC6AYRay2ANopAESACww8CwwECzSEDwboCF28Q
45=/yz2wjcLIoQfEczQE8L2B8R3BtGBACKlyZgA0dwAzKQCKWwgcxR9LoVRiMvOGs8SAc5cAR
46=wlzW8BzoEBy6gJRHMUAcS6CB58EP4SkszrDs/tAcsBAjuAzhMCy1wCyygJwj8FGPwRgyD/
47=Ev8VDMHCDMzQCNKPAsPdA0OAJP0ikcJeCSyyJZLH4ALMqBgQbsK1A8O1CCEJJIcRk8zQFd
48=IPAyNqwwgJw1oKw2cJMgUnc8tcA80oF8IzA8O7BRb5wUUMMo3MyRbVjAPC9AfC8QJtgCwE
49=Ei4QocJ6B8jfA8woGsQwBMS5ChIFOZEREMtPBNQNBMTtAxB5IoAvADQpI3LDjwHHYATOJB
50=sVeSh9IHwYAsI7DRAbzVAW0ZAEwhMFJOQsgBAMxfIEJQvD7wjH4AT2pBDR6wTLAQU2AM4T
51=BcP0A8KSAcL8AfOlH8NrAjBVw4UIzlwFgf+ATAAAII//BQYICAUFBgYGBwUIBwcACIEIEA
52=uBBwAOgQgAFoYIBwYFB//0JAAAPoIHCABMggUFAFSEBQUHBgBpIFkAZoMFBwgQXf6AH/+B
53=/4A=

