
[Basic]
Name=[4] Q Master 3war NORMAL speed
NewINIFormat=4
Percent=0
GameMode=standard
HomeCell=98
InitTime=10000
Official=no
EndOfGame=no
FreeRadar=no
MaxPlayer=4
MinPlayer=1
SkipScore=no
TrainCrate=no
TruckCrate=no
AltHomeCell=99
OneTimeOnly=no
CarryOverCap=0
SkipMapSelect=no
CarryOverMoney=0.000000

[Map]
Theater=TEMPERATE
X=16
Y=16
Width=77
Height=49

[Waypoints]
7=2133
0=2135
3=2137
1=2140
4=2264
2=2266
5=2267
6=2520
98=5174

[MapPack]
1=rQAAIIH//mcN/4IAAP7YAv+CYQDlQxCB2eZDEOdCEM2/EP5yAP//jgVCEP9YAMQVEJTVKh
2=f/VABEFtWWFxCK/3gAtBb9KxjnbBf/RgB+Fv5EAP//TACMFv9YAGwYcKbLHBn+RAD/8TgX
3=/1wAVBnpIhr+RAD//0YAlhb/SABmGusgGf5EAP//lAAgG+UcHP5EAP8VcsvOGf+AADIc5x
4=oc/kQA//8AASAa/6QAIBn5xB6AHwEAIIH/5AAAgwAAYf5BAACB2f5BAADrKgD+TAD/EHzV
5=KgH/UgBEAP9CACoB/0gA2AD/TACMAOlsAf5EAAD+RAD//7AAIAL+UAD//yQEIAOB2f9RAE
6=MI/y4DlgRwpjCy/kwA//+0ACAC/lQA//+KACgM3x4M/lQA//+MACgN3SIO/lQA//+IACgB
7=4R4M/lQA/zGU4bAP/4IAUgD+TAD//0wAjAL/tABsEPWkAf9YAFgR4SIS/kwA//9GAJYC/0
8=gAZhLrjA7+RAD//wIBIBPjHAz/bABIFNkcFP5QAP//sAAgEv5QAP//sAAgEf5YAP//BAEo
9=F/+kACwB/nIA//9WAEIZ9QYO/nIA//+CAkIa/1wAxAv/sAAgHP9yAMwc/74AQh6A+QAAII
10=H/3AAAgQDeIACBYd8gAEABgdnmQwDnQgDRvwD+TAD//rQAAP5MAP/+tAAA/kwA//60AAD+
11=TAD//rQAAP5MAP/+tAAA/kwA//60AAD+TAD//rAAAP5QAP/+sAAA/lAA//6wAAD+UAD//r
12=AAAP5QAP/+sAAA/lAA//6wAAD+UAD//rAAAP5QAP/+sAAA/lAA//6kAABwpjCy/kwA//60
13=AAD+TAD//rQAAP5MAP/+tAAA/kwA//60AAD+TAD//rQAAP5MAP/+tAAA/kwA//60AAD+TA
14=D//rQAAP5MAP/+tAAA/kwA//6kAADLxA/+TgD//qQAAP88BcQZgLcAACCB/9wAAP6kAABw
15=pv5SAP/+pAAA//YAxAD+ZgD//poAAP5mAP/+mgAA/mYA//6aAAD+ZgD//poAAP5mAP/+mg
16=AA/mYA//6aAAD+ZgD//poAAP5mAP/+mgAA/mYA//6aAAD+ZgD//poAAP5mAP/+mgAA/mYA
17=//6aAAD+ZgD//poAAP5mAP/+mgAA/mYA//6aAAD+aAD//pgAAP5mAP/+mgAA/mYA//6aAA
18=D+ZgD//poAAP5FCv+B/4AJAAAggQD+/h8AgQCACQAAIIEA/v4fAIEAgA==

[OverlayPack]
1=CQAAIIH//v4f/4H/gAkAACCB//7+H/+B/4A=

[Spain]
Cost=0.0

[Greece]
Cost=0.0

[Germany]
Cost=0.0

[USSR]
Cost=0.0

[France]
Cost=0.0

[Ukraine]
Cost=0.0

[England]
Cost=0.0

[Turkey]
Cost=0.0

[General]
SurvivorRate=.0

[DOME]
Power=400

[WEAP]
Power=300

[ARTY]
Owner=no

[V2RL]
Owner=no

[JEEP]
Owner=no

[MRJ]
Owner=no

[1TNK]
Owner=no

[MCV]
Strength=1

[FACT]
Strength=0

[STRUCTURES]
0=Multi1,WEAP,256,3208,0,None,0,0
1=Multi1,WEAP,256,3231,0,None,0,0
2=Multi2,WEAP,256,3275,0,None,0,0
3=Multi2,WEAP,256,3279,0,None,0,0
4=Multi2,WEAP,256,3283,0,None,0,0
5=Multi1,DOME,256,3473,0,None,0,0
6=Multi2,DOME,256,3546,0,None,0,0
7=Multi1,WEAP,256,3979,0,None,0,0
8=Multi1,WEAP,256,4485,0,None,0,0
9=Multi1,WEAP,256,4620,0,None,0,0
10=Multi1,WEAP,256,6303,0,None,0,0
11=Multi3,WEAP,256,6347,0,None,0,0
12=Multi3,WEAP,256,6351,0,None,0,0
13=Multi3,WEAP,256,6355,0,None,0,0
14=Multi1,DOME,256,6545,0,None,0,0
15=Multi3,DOME,256,6618,0,None,0,0

[Base]
Count=0
Player=USSR

[Trigs]
Reveal=0,12,0,0,8,-1,0,0,-1,0,16,-1,-1,-1,0,-1,-1,-1
